// Jest Snapshot v1, https://goo.gl/fbAQLP

exports[`PageNotFound should create a basic snapshot 1`] = `
<h1>
  Page not found
</h1>
`;
