// Jest Snapshot v1, https://goo.gl/fbAQLP

exports[`Welcome should create a snapshot 1`] = `
<div>
  <Icon
    type="smile-o"
  />
  <h1>
    test
  </h1>
</div>
`;
